2026-08-11 14:26:50,598 | INFO     | root:main:22 - Starting end-to-end training pipeline...
2026-08-11 14:26:50,600 | INFO     | root:load_raw_data:18 - Loading raw data from data/raw/Telco-Customer-Churn.csv
2026-08-11 14:26:50,626 | INFO     | root:validate_raw_schema:35 - Validating raw data schema...
2026-08-11 14:26:50,627 | INFO     | root:validate_raw_schema:48 - Raw data schema validation passed successfully.
2026-08-11 14:26:50,627 | INFO     | root:split_and_save_data:26 - Splitting data into train/test with test_size=0.2
2026-08-11 14:26:50,691 | INFO     | root:split_and_save_data:41 - Saved train data to data/processed/train.csv (5634 rows)
2026-08-11 14:26:50,692 | INFO     | root:split_and_save_data:42 - Saved test data to data/processed/test.csv (1409 rows)
2026-08-11 14:26:50,735 | INFO     | root:fit_transform:15 - Starting feature engineering and data preprocessing...
2026-08-11 14:26:50,763 | INFO     | root:fit_transform:72 - Preprocessing complete. Total features created: 30
2026-08-11 14:26:50,764 | INFO     | root:transform:79 - Transforming new evaluation/inference dataset...
2026-08-11 14:26:50,781 | INFO     | root:save_preprocessor:141 - Preprocessor object saved to artifacts/preprocessor.pkl
2026-08-11 14:26:50,781 | INFO     | root:train:23 - Initializing LightGBM classifier...
2026-08-11 14:26:50,781 | INFO     | root:train:26 - Training LightGBM model on training dataset...
2026-08-11 14:26:51,086 | INFO     | root:train:28 - Model training completed successfully.
2026-08-11 14:26:51,086 | INFO     | root:evaluate:38 - Evaluating model on test dataset...
2026-08-11 14:26:51,105 | INFO     | root:evaluate:50 - Evaluation Metrics: {'accuracy': 0.7338537970191625, 'precision': 0.4984567901234568, 'recall': 0.8659517426273459, 'f1_score': 0.6327130264446621, 'roc_auc': 0.8572670717442835}
2026-08-11 14:26:51,107 | INFO     | root:save_model:61 - Model saved successfully to artifacts/model.pkl
2026-08-11 14:28:39,690 | INFO     | root:main:22 - Starting end-to-end training pipeline...
2026-08-11 14:28:39,693 | INFO     | root:load_raw_data:18 - Loading raw data from data/raw/Telco-Customer-Churn.csv
2026-08-11 14:28:39,720 | INFO     | root:validate_raw_schema:35 - Validating raw data schema...
2026-08-11 14:28:39,720 | INFO     | root:validate_raw_schema:48 - Raw data schema validation passed successfully.
2026-08-11 14:28:39,720 | INFO     | root:split_and_save_data:26 - Splitting data into train/test with test_size=0.2
2026-08-11 14:28:39,773 | INFO     | root:split_and_save_data:41 - Saved train data to data/processed/train.csv (5634 rows)
2026-08-11 14:28:39,773 | INFO     | root:split_and_save_data:42 - Saved test data to data/processed/test.csv (1409 rows)
2026-08-11 14:28:39,807 | INFO     | root:fit_transform:15 - Starting feature engineering and data preprocessing...
2026-08-11 14:28:39,834 | INFO     | root:fit_transform:72 - Preprocessing complete. Total features created: 30
2026-08-11 14:28:39,834 | INFO     | root:transform:79 - Transforming new evaluation/inference dataset...
2026-08-11 14:28:39,849 | INFO     | root:save_preprocessor:141 - Preprocessor object saved to artifacts/preprocessor.pkl
2026-08-11 14:28:39,849 | INFO     | root:train:23 - Initializing LightGBM classifier...
2026-08-11 14:28:39,849 | INFO     | root:train:26 - Training LightGBM model on training dataset...
2026-08-11 14:28:40,131 | INFO     | root:train:28 - Model training completed successfully.
2026-08-11 14:28:40,132 | INFO     | root:evaluate:38 - Evaluating model on test dataset...
2026-08-11 14:28:40,156 | INFO     | root:evaluate:50 - Evaluation Metrics: {'accuracy': 0.7338537970191625, 'precision': 0.4984567901234568, 'recall': 0.8659517426273459, 'f1_score': 0.6327130264446621, 'roc_auc': 0.8572670717442835}
2026-08-11 14:28:40,158 | INFO     | root:save_model:61 - Model saved successfully to artifacts/model.pkl
2026-08-11 14:28:42,936 | INFO     | root:log_to_mlflow:72 - Logging run details to MLflow...
2026-08-11 14:28:45,664 | INFO     | root:log_to_mlflow:78 - MLflow logging completed.
2026-08-11 14:28:45,673 | INFO     | root:main:55 - Pipeline execution completed successfully!
2026-08-11 14:38:38,157 | INFO     | root:main:20 - Running standalone model evaluation on test set...
2026-08-11 14:38:38,168 | INFO     | root:__init__:18 - Loading preprocessor and LightGBM model artifacts...
2026-08-11 14:38:38,168 | INFO     | root:load_preprocessor:146 - Loading preprocessor from artifacts/preprocessor.pkl
2026-08-11 14:38:38,171 | INFO     | root:transform:79 - Transforming new evaluation/inference dataset...
2026-08-11 14:38:38,188 | INFO     | root:evaluate:38 - Evaluating model on test dataset...
2026-08-11 14:38:38,228 | INFO     | root:evaluate:50 - Evaluation Metrics: {'accuracy': 0.7338537970191625, 'precision': 0.4984567901234568, 'recall': 0.8659517426273459, 'f1_score': 0.6327130264446621, 'roc_auc': 0.8572670717442835}
2026-08-11 14:38:38,228 | INFO     | root:main:39 - Test Set Evaluation Metrics: {'accuracy': 0.7338537970191625, 'precision': 0.4984567901234568, 'recall': 0.8659517426273459, 'f1_score': 0.6327130264446621, 'roc_auc': 0.8572670717442835}
