2026-08-13 18:37:53,637 | INFO     | great_expectations._docs_decorators:_add_method_to_registry:115 - Skipping registering function get_context because it does not have a class
2026-08-13 18:37:54,168 | INFO     | great_expectations._docs_decorators:_add_method_to_registry:109 - Skipping registering function DataSourceManager._register_add_datasource.<locals>.crud_method_info because it is a closure
2026-08-13 18:37:54,168 | INFO     | great_expectations._docs_decorators:_add_method_to_registry:109 - Skipping registering function DataSourceManager._register_update_datasource.<locals>.crud_method_info because it is a closure
2026-08-13 18:37:54,169 | INFO     | great_expectations._docs_decorators:_add_method_to_registry:109 - Skipping registering function DataSourceManager._register_add_or_update_datasource.<locals>.crud_method_info because it is a closure
2026-08-13 18:37:54,169 | INFO     | great_expectations._docs_decorators:_add_method_to_registry:109 - Skipping registering function DataSourceManager._register_delete_datasource.<locals>.crud_method_info because it is a closure
2026-08-13 18:37:54,171 | INFO     | great_expectations._docs_decorators:_add_method_to_registry:109 - Skipping registering function DataSourceManager._register_add_datasource.<locals>.crud_method_info because it is a closure
2026-08-13 18:37:54,171 | INFO     | great_expectations._docs_decorators:_add_method_to_registry:109 - Skipping registering function DataSourceManager._register_update_datasource.<locals>.crud_method_info because it is a closure
2026-08-13 18:37:54,171 | INFO     | great_expectations._docs_decorators:_add_method_to_registry:109 - Skipping registering function DataSourceManager._register_add_or_update_datasource.<locals>.crud_method_info because it is a closure
2026-08-13 18:37:54,171 | INFO     | great_expectations._docs_decorators:_add_method_to_registry:109 - Skipping registering function DataSourceManager._register_delete_datasource.<locals>.crud_method_info because it is a closure
2026-08-13 18:37:54,173 | INFO     | great_expectations._docs_decorators:_add_method_to_registry:109 - Skipping registering function DataSourceManager._register_add_datasource.<locals>.crud_method_info because it is a closure
2026-08-13 18:37:54,173 | INFO     | great_expectations._docs_decorators:_add_method_to_registry:109 - Skipping registering function DataSourceManager._register_update_datasource.<locals>.crud_method_info because it is a closure
2026-08-13 18:37:54,173 | INFO     | great_expectations._docs_decorators:_add_method_to_registry:109 - Skipping registering function DataSourceManager._register_add_or_update_datasource.<locals>.crud_method_info because it is a closure
2026-08-13 18:37:54,173 | INFO     | great_expectations._docs_decorators:_add_method_to_registry:109 - Skipping registering function DataSourceManager._register_delete_datasource.<locals>.crud_method_info because it is a closure
2026-08-13 18:37:54,175 | INFO     | great_expectations._docs_decorators:_add_method_to_registry:109 - Skipping registering function DataSourceManager._register_add_datasource.<locals>.crud_method_info because it is a closure
2026-08-13 18:37:54,176 | INFO     | great_expectations._docs_decorators:_add_method_to_registry:109 - Skipping registering function DataSourceManager._register_update_datasource.<locals>.crud_method_info because it is a closure
2026-08-13 18:37:54,176 | INFO     | great_expectations._docs_decorators:_add_method_to_registry:109 - Skipping registering function DataSourceManager._register_add_or_update_datasource.<locals>.crud_method_info because it is a closure
2026-08-13 18:37:54,176 | INFO     | great_expectations._docs_decorators:_add_method_to_registry:109 - Skipping registering function DataSourceManager._register_delete_datasource.<locals>.crud_method_info because it is a closure
2026-08-13 18:37:54,178 | INFO     | great_expectations._docs_decorators:_add_method_to_registry:109 - Skipping registering function DataSourceManager._register_add_datasource.<locals>.crud_method_info because it is a closure
2026-08-13 18:37:54,178 | INFO     | great_expectations._docs_decorators:_add_method_to_registry:109 - Skipping registering function DataSourceManager._register_update_datasource.<locals>.crud_method_info because it is a closure
2026-08-13 18:37:54,178 | INFO     | great_expectations._docs_decorators:_add_method_to_registry:109 - Skipping registering function DataSourceManager._register_add_or_update_datasource.<locals>.crud_method_info because it is a closure
2026-08-13 18:37:54,178 | INFO     | great_expectations._docs_decorators:_add_method_to_registry:109 - Skipping registering function DataSourceManager._register_delete_datasource.<locals>.crud_method_info because it is a closure
2026-08-13 18:37:54,231 | INFO     | great_expectations._docs_decorators:_add_method_to_registry:109 - Skipping registering function DataSourceManager._register_add_datasource.<locals>.crud_method_info because it is a closure
2026-08-13 18:37:54,231 | INFO     | great_expectations._docs_decorators:_add_method_to_registry:109 - Skipping registering function DataSourceManager._register_update_datasource.<locals>.crud_method_info because it is a closure
2026-08-13 18:37:54,231 | INFO     | great_expectations._docs_decorators:_add_method_to_registry:109 - Skipping registering function DataSourceManager._register_add_or_update_datasource.<locals>.crud_method_info because it is a closure
2026-08-13 18:37:54,231 | INFO     | great_expectations._docs_decorators:_add_method_to_registry:109 - Skipping registering function DataSourceManager._register_delete_datasource.<locals>.crud_method_info because it is a closure
2026-08-13 18:37:54,290 | INFO     | great_expectations._docs_decorators:_add_method_to_registry:109 - Skipping registering function DataSourceManager._bind_asset_factory_method_if_not_present.<locals>._add_asset_factory because it is a closure
2026-08-13 18:37:54,290 | INFO     | great_expectations._docs_decorators:_add_method_to_registry:109 - Skipping registering function DataSourceManager._bind_asset_factory_method_if_not_present.<locals>._add_asset_factory because it is a closure
2026-08-13 18:37:54,290 | INFO     | great_expectations._docs_decorators:_add_method_to_registry:109 - Skipping registering function DataSourceManager._bind_asset_factory_method_if_not_present.<locals>._add_asset_factory because it is a closure
2026-08-13 18:37:54,290 | INFO     | great_expectations._docs_decorators:_add_method_to_registry:109 - Skipping registering function DataSourceManager._bind_asset_factory_method_if_not_present.<locals>._add_asset_factory because it is a closure
2026-08-13 18:37:54,290 | INFO     | great_expectations._docs_decorators:_add_method_to_registry:109 - Skipping registering function DataSourceManager._bind_asset_factory_method_if_not_present.<locals>._add_asset_factory because it is a closure
2026-08-13 18:37:54,290 | INFO     | great_expectations._docs_decorators:_add_method_to_registry:109 - Skipping registering function DataSourceManager._bind_asset_factory_method_if_not_present.<locals>._add_asset_factory because it is a closure
2026-08-13 18:37:54,290 | INFO     | great_expectations._docs_decorators:_add_method_to_registry:109 - Skipping registering function DataSourceManager._bind_asset_factory_method_if_not_present.<locals>._add_asset_factory because it is a closure
2026-08-13 18:37:54,290 | INFO     | great_expectations._docs_decorators:_add_method_to_registry:109 - Skipping registering function DataSourceManager._bind_asset_factory_method_if_not_present.<locals>._add_asset_factory because it is a closure
2026-08-13 18:37:54,290 | INFO     | great_expectations._docs_decorators:_add_method_to_registry:109 - Skipping registering function DataSourceManager._bind_asset_factory_method_if_not_present.<locals>._add_asset_factory because it is a closure
2026-08-13 18:37:54,290 | INFO     | great_expectations._docs_decorators:_add_method_to_registry:109 - Skipping registering function DataSourceManager._bind_asset_factory_method_if_not_present.<locals>._add_asset_factory because it is a closure
2026-08-13 18:37:54,290 | INFO     | great_expectations._docs_decorators:_add_method_to_registry:109 - Skipping registering function DataSourceManager._bind_asset_factory_method_if_not_present.<locals>._add_asset_factory because it is a closure
2026-08-13 18:37:54,291 | INFO     | great_expectations._docs_decorators:_add_method_to_registry:109 - Skipping registering function DataSourceManager._bind_asset_factory_method_if_not_present.<locals>._add_asset_factory because it is a closure
2026-08-13 18:37:54,291 | INFO     | great_expectations._docs_decorators:_add_method_to_registry:109 - Skipping registering function DataSourceManager._bind_asset_factory_method_if_not_present.<locals>._add_asset_factory because it is a closure
2026-08-13 18:37:54,291 | INFO     | great_expectations._docs_decorators:_add_method_to_registry:109 - Skipping registering function DataSourceManager._bind_asset_factory_method_if_not_present.<locals>._add_asset_factory because it is a closure
2026-08-13 18:37:54,291 | INFO     | great_expectations._docs_decorators:_add_method_to_registry:109 - Skipping registering function DataSourceManager._register_add_datasource.<locals>.crud_method_info because it is a closure
2026-08-13 18:37:54,291 | INFO     | great_expectations._docs_decorators:_add_method_to_registry:109 - Skipping registering function DataSourceManager._register_update_datasource.<locals>.crud_method_info because it is a closure
2026-08-13 18:37:54,291 | INFO     | great_expectations._docs_decorators:_add_method_to_registry:109 - Skipping registering function DataSourceManager._register_add_or_update_datasource.<locals>.crud_method_info because it is a closure
2026-08-13 18:37:54,291 | INFO     | great_expectations._docs_decorators:_add_method_to_registry:109 - Skipping registering function DataSourceManager._register_delete_datasource.<locals>.crud_method_info because it is a closure
2026-08-13 18:37:54,292 | INFO     | great_expectations._docs_decorators:_add_method_to_registry:109 - Skipping registering function DataSourceManager._register_add_datasource.<locals>.crud_method_info because it is a closure
2026-08-13 18:37:54,292 | INFO     | great_expectations._docs_decorators:_add_method_to_registry:109 - Skipping registering function DataSourceManager._register_update_datasource.<locals>.crud_method_info because it is a closure
2026-08-13 18:37:54,292 | INFO     | great_expectations._docs_decorators:_add_method_to_registry:109 - Skipping registering function DataSourceManager._register_add_or_update_datasource.<locals>.crud_method_info because it is a closure
2026-08-13 18:37:54,292 | INFO     | great_expectations._docs_decorators:_add_method_to_registry:109 - Skipping registering function DataSourceManager._register_delete_datasource.<locals>.crud_method_info because it is a closure
2026-08-13 18:37:54,294 | INFO     | great_expectations._docs_decorators:_add_method_to_registry:109 - Skipping registering function DataSourceManager._bind_asset_factory_method_if_not_present.<locals>._add_asset_factory because it is a closure
2026-08-13 18:37:54,294 | INFO     | great_expectations._docs_decorators:_add_method_to_registry:109 - Skipping registering function DataSourceManager._bind_asset_factory_method_if_not_present.<locals>._add_asset_factory because it is a closure
2026-08-13 18:37:54,294 | INFO     | great_expectations._docs_decorators:_add_method_to_registry:109 - Skipping registering function DataSourceManager._bind_asset_factory_method_if_not_present.<locals>._add_asset_factory because it is a closure
2026-08-13 18:37:54,295 | INFO     | great_expectations._docs_decorators:_add_method_to_registry:109 - Skipping registering function DataSourceManager._bind_asset_factory_method_if_not_present.<locals>._add_asset_factory because it is a closure
2026-08-13 18:37:54,295 | INFO     | great_expectations._docs_decorators:_add_method_to_registry:109 - Skipping registering function DataSourceManager._bind_asset_factory_method_if_not_present.<locals>._add_asset_factory because it is a closure
2026-08-13 18:37:54,295 | INFO     | great_expectations._docs_decorators:_add_method_to_registry:109 - Skipping registering function DataSourceManager._bind_asset_factory_method_if_not_present.<locals>._add_asset_factory because it is a closure
2026-08-13 18:37:54,295 | INFO     | great_expectations._docs_decorators:_add_method_to_registry:109 - Skipping registering function DataSourceManager._bind_asset_factory_method_if_not_present.<locals>._add_asset_factory because it is a closure
2026-08-13 18:37:54,295 | INFO     | great_expectations._docs_decorators:_add_method_to_registry:109 - Skipping registering function DataSourceManager._bind_asset_factory_method_if_not_present.<locals>._add_asset_factory because it is a closure
2026-08-13 18:37:54,295 | INFO     | great_expectations._docs_decorators:_add_method_to_registry:109 - Skipping registering function DataSourceManager._bind_asset_factory_method_if_not_present.<locals>._add_asset_factory because it is a closure
2026-08-13 18:37:54,295 | INFO     | great_expectations._docs_decorators:_add_method_to_registry:109 - Skipping registering function DataSourceManager._bind_asset_factory_method_if_not_present.<locals>._add_asset_factory because it is a closure
2026-08-13 18:37:54,295 | INFO     | great_expectations._docs_decorators:_add_method_to_registry:109 - Skipping registering function DataSourceManager._bind_asset_factory_method_if_not_present.<locals>._add_asset_factory because it is a closure
2026-08-13 18:37:54,295 | INFO     | great_expectations._docs_decorators:_add_method_to_registry:109 - Skipping registering function DataSourceManager._bind_asset_factory_method_if_not_present.<locals>._add_asset_factory because it is a closure
2026-08-13 18:37:54,295 | INFO     | great_expectations._docs_decorators:_add_method_to_registry:109 - Skipping registering function DataSourceManager._bind_asset_factory_method_if_not_present.<locals>._add_asset_factory because it is a closure
2026-08-13 18:37:54,295 | INFO     | great_expectations._docs_decorators:_add_method_to_registry:109 - Skipping registering function DataSourceManager._bind_asset_factory_method_if_not_present.<locals>._add_asset_factory because it is a closure
2026-08-13 18:37:54,295 | INFO     | great_expectations._docs_decorators:_add_method_to_registry:109 - Skipping registering function DataSourceManager._register_add_datasource.<locals>.crud_method_info because it is a closure
2026-08-13 18:37:54,295 | INFO     | great_expectations._docs_decorators:_add_method_to_registry:109 - Skipping registering function DataSourceManager._register_update_datasource.<locals>.crud_method_info because it is a closure
2026-08-13 18:37:54,295 | INFO     | great_expectations._docs_decorators:_add_method_to_registry:109 - Skipping registering function DataSourceManager._register_add_or_update_datasource.<locals>.crud_method_info because it is a closure
2026-08-13 18:37:54,295 | INFO     | great_expectations._docs_decorators:_add_method_to_registry:109 - Skipping registering function DataSourceManager._register_delete_datasource.<locals>.crud_method_info because it is a closure
2026-08-13 18:37:54,297 | INFO     | great_expectations._docs_decorators:_add_method_to_registry:109 - Skipping registering function DataSourceManager._bind_asset_factory_method_if_not_present.<locals>._add_asset_factory because it is a closure
2026-08-13 18:37:54,298 | INFO     | great_expectations._docs_decorators:_add_method_to_registry:109 - Skipping registering function DataSourceManager._bind_asset_factory_method_if_not_present.<locals>._add_asset_factory because it is a closure
2026-08-13 18:37:54,298 | INFO     | great_expectations._docs_decorators:_add_method_to_registry:109 - Skipping registering function DataSourceManager._bind_asset_factory_method_if_not_present.<locals>._add_asset_factory because it is a closure
2026-08-13 18:37:54,298 | INFO     | great_expectations._docs_decorators:_add_method_to_registry:109 - Skipping registering function DataSourceManager._bind_asset_factory_method_if_not_present.<locals>._add_asset_factory because it is a closure
2026-08-13 18:37:54,298 | INFO     | great_expectations._docs_decorators:_add_method_to_registry:109 - Skipping registering function DataSourceManager._bind_asset_factory_method_if_not_present.<locals>._add_asset_factory because it is a closure
2026-08-13 18:37:54,298 | INFO     | great_expectations._docs_decorators:_add_method_to_registry:109 - Skipping registering function DataSourceManager._bind_asset_factory_method_if_not_present.<locals>._add_asset_factory because it is a closure
2026-08-13 18:37:54,298 | INFO     | great_expectations._docs_decorators:_add_method_to_registry:109 - Skipping registering function DataSourceManager._bind_asset_factory_method_if_not_present.<locals>._add_asset_factory because it is a closure
2026-08-13 18:37:54,298 | INFO     | great_expectations._docs_decorators:_add_method_to_registry:109 - Skipping registering function DataSourceManager._bind_asset_factory_method_if_not_present.<locals>._add_asset_factory because it is a closure
2026-08-13 18:37:54,298 | INFO     | great_expectations._docs_decorators:_add_method_to_registry:109 - Skipping registering function DataSourceManager._bind_asset_factory_method_if_not_present.<locals>._add_asset_factory because it is a closure
2026-08-13 18:37:54,298 | INFO     | great_expectations._docs_decorators:_add_method_to_registry:109 - Skipping registering function DataSourceManager._bind_asset_factory_method_if_not_present.<locals>._add_asset_factory because it is a closure
2026-08-13 18:37:54,298 | INFO     | great_expectations._docs_decorators:_add_method_to_registry:109 - Skipping registering function DataSourceManager._bind_asset_factory_method_if_not_present.<locals>._add_asset_factory because it is a closure
2026-08-13 18:37:54,298 | INFO     | great_expectations._docs_decorators:_add_method_to_registry:109 - Skipping registering function DataSourceManager._bind_asset_factory_method_if_not_present.<locals>._add_asset_factory because it is a closure
2026-08-13 18:37:54,298 | INFO     | great_expectations._docs_decorators:_add_method_to_registry:109 - Skipping registering function DataSourceManager._bind_asset_factory_method_if_not_present.<locals>._add_asset_factory because it is a closure
2026-08-13 18:37:54,298 | INFO     | great_expectations._docs_decorators:_add_method_to_registry:109 - Skipping registering function DataSourceManager._bind_asset_factory_method_if_not_present.<locals>._add_asset_factory because it is a closure
2026-08-13 18:37:54,298 | INFO     | great_expectations._docs_decorators:_add_method_to_registry:109 - Skipping registering function DataSourceManager._register_add_datasource.<locals>.crud_method_info because it is a closure
2026-08-13 18:37:54,298 | INFO     | great_expectations._docs_decorators:_add_method_to_registry:109 - Skipping registering function DataSourceManager._register_update_datasource.<locals>.crud_method_info because it is a closure
2026-08-13 18:37:54,298 | INFO     | great_expectations._docs_decorators:_add_method_to_registry:109 - Skipping registering function DataSourceManager._register_add_or_update_datasource.<locals>.crud_method_info because it is a closure
2026-08-13 18:37:54,298 | INFO     | great_expectations._docs_decorators:_add_method_to_registry:109 - Skipping registering function DataSourceManager._register_delete_datasource.<locals>.crud_method_info because it is a closure
2026-08-13 18:37:54,300 | INFO     | great_expectations._docs_decorators:_add_method_to_registry:109 - Skipping registering function DataSourceManager._bind_asset_factory_method_if_not_present.<locals>._add_asset_factory because it is a closure
2026-08-13 18:37:54,300 | INFO     | great_expectations._docs_decorators:_add_method_to_registry:109 - Skipping registering function DataSourceManager._bind_asset_factory_method_if_not_present.<locals>._add_asset_factory because it is a closure
2026-08-13 18:37:54,300 | INFO     | great_expectations._docs_decorators:_add_method_to_registry:109 - Skipping registering function DataSourceManager._bind_asset_factory_method_if_not_present.<locals>._add_asset_factory because it is a closure
2026-08-13 18:37:54,300 | INFO     | great_expectations._docs_decorators:_add_method_to_registry:109 - Skipping registering function DataSourceManager._bind_asset_factory_method_if_not_present.<locals>._add_asset_factory because it is a closure
2026-08-13 18:37:54,301 | INFO     | great_expectations._docs_decorators:_add_method_to_registry:109 - Skipping registering function DataSourceManager._bind_asset_factory_method_if_not_present.<locals>._add_asset_factory because it is a closure
2026-08-13 18:37:54,301 | INFO     | great_expectations._docs_decorators:_add_method_to_registry:109 - Skipping registering function DataSourceManager._bind_asset_factory_method_if_not_present.<locals>._add_asset_factory because it is a closure
2026-08-13 18:37:54,301 | INFO     | great_expectations._docs_decorators:_add_method_to_registry:109 - Skipping registering function DataSourceManager._bind_asset_factory_method_if_not_present.<locals>._add_asset_factory because it is a closure
2026-08-13 18:37:54,301 | INFO     | great_expectations._docs_decorators:_add_method_to_registry:109 - Skipping registering function DataSourceManager._bind_asset_factory_method_if_not_present.<locals>._add_asset_factory because it is a closure
2026-08-13 18:37:54,301 | INFO     | great_expectations._docs_decorators:_add_method_to_registry:109 - Skipping registering function DataSourceManager._bind_asset_factory_method_if_not_present.<locals>._add_asset_factory because it is a closure
2026-08-13 18:37:54,301 | INFO     | great_expectations._docs_decorators:_add_method_to_registry:109 - Skipping registering function DataSourceManager._bind_asset_factory_method_if_not_present.<locals>._add_asset_factory because it is a closure
2026-08-13 18:37:54,301 | INFO     | great_expectations._docs_decorators:_add_method_to_registry:109 - Skipping registering function DataSourceManager._bind_asset_factory_method_if_not_present.<locals>._add_asset_factory because it is a closure
2026-08-13 18:37:54,301 | INFO     | great_expectations._docs_decorators:_add_method_to_registry:109 - Skipping registering function DataSourceManager._bind_asset_factory_method_if_not_present.<locals>._add_asset_factory because it is a closure
2026-08-13 18:37:54,301 | INFO     | great_expectations._docs_decorators:_add_method_to_registry:109 - Skipping registering function DataSourceManager._bind_asset_factory_method_if_not_present.<locals>._add_asset_factory because it is a closure
2026-08-13 18:37:54,301 | INFO     | great_expectations._docs_decorators:_add_method_to_registry:109 - Skipping registering function DataSourceManager._bind_asset_factory_method_if_not_present.<locals>._add_asset_factory because it is a closure
2026-08-13 18:37:54,301 | INFO     | great_expectations._docs_decorators:_add_method_to_registry:109 - Skipping registering function DataSourceManager._register_add_datasource.<locals>.crud_method_info because it is a closure
2026-08-13 18:37:54,301 | INFO     | great_expectations._docs_decorators:_add_method_to_registry:109 - Skipping registering function DataSourceManager._register_update_datasource.<locals>.crud_method_info because it is a closure
2026-08-13 18:37:54,301 | INFO     | great_expectations._docs_decorators:_add_method_to_registry:109 - Skipping registering function DataSourceManager._register_add_or_update_datasource.<locals>.crud_method_info because it is a closure
2026-08-13 18:37:54,301 | INFO     | great_expectations._docs_decorators:_add_method_to_registry:109 - Skipping registering function DataSourceManager._register_delete_datasource.<locals>.crud_method_info because it is a closure
2026-08-13 18:37:54,308 | INFO     | great_expectations._docs_decorators:_add_method_to_registry:109 - Skipping registering function DataSourceManager._register_add_datasource.<locals>.crud_method_info because it is a closure
2026-08-13 18:37:54,308 | INFO     | great_expectations._docs_decorators:_add_method_to_registry:109 - Skipping registering function DataSourceManager._register_update_datasource.<locals>.crud_method_info because it is a closure
2026-08-13 18:37:54,308 | INFO     | great_expectations._docs_decorators:_add_method_to_registry:109 - Skipping registering function DataSourceManager._register_add_or_update_datasource.<locals>.crud_method_info because it is a closure
2026-08-13 18:37:54,308 | INFO     | great_expectations._docs_decorators:_add_method_to_registry:109 - Skipping registering function DataSourceManager._register_delete_datasource.<locals>.crud_method_info because it is a closure
2026-08-13 18:37:54,314 | INFO     | great_expectations._docs_decorators:_add_method_to_registry:109 - Skipping registering function DataSourceManager._register_add_datasource.<locals>.crud_method_info because it is a closure
2026-08-13 18:37:54,314 | INFO     | great_expectations._docs_decorators:_add_method_to_registry:109 - Skipping registering function DataSourceManager._register_update_datasource.<locals>.crud_method_info because it is a closure
2026-08-13 18:37:54,314 | INFO     | great_expectations._docs_decorators:_add_method_to_registry:109 - Skipping registering function DataSourceManager._register_add_or_update_datasource.<locals>.crud_method_info because it is a closure
2026-08-13 18:37:54,314 | INFO     | great_expectations._docs_decorators:_add_method_to_registry:109 - Skipping registering function DataSourceManager._register_delete_datasource.<locals>.crud_method_info because it is a closure
2026-08-13 18:37:54,317 | INFO     | great_expectations._docs_decorators:_add_method_to_registry:109 - Skipping registering function DataSourceManager._register_add_datasource.<locals>.crud_method_info because it is a closure
2026-08-13 18:37:54,317 | INFO     | great_expectations._docs_decorators:_add_method_to_registry:109 - Skipping registering function DataSourceManager._register_update_datasource.<locals>.crud_method_info because it is a closure
2026-08-13 18:37:54,317 | INFO     | great_expectations._docs_decorators:_add_method_to_registry:109 - Skipping registering function DataSourceManager._register_add_or_update_datasource.<locals>.crud_method_info because it is a closure
2026-08-13 18:37:54,317 | INFO     | great_expectations._docs_decorators:_add_method_to_registry:109 - Skipping registering function DataSourceManager._register_delete_datasource.<locals>.crud_method_info because it is a closure
2026-08-13 18:37:54,320 | INFO     | great_expectations._docs_decorators:_add_method_to_registry:109 - Skipping registering function DataSourceManager._register_add_datasource.<locals>.crud_method_info because it is a closure
2026-08-13 18:37:54,320 | INFO     | great_expectations._docs_decorators:_add_method_to_registry:109 - Skipping registering function DataSourceManager._register_update_datasource.<locals>.crud_method_info because it is a closure
2026-08-13 18:37:54,320 | INFO     | great_expectations._docs_decorators:_add_method_to_registry:109 - Skipping registering function DataSourceManager._register_add_or_update_datasource.<locals>.crud_method_info because it is a closure
2026-08-13 18:37:54,320 | INFO     | great_expectations._docs_decorators:_add_method_to_registry:109 - Skipping registering function DataSourceManager._register_delete_datasource.<locals>.crud_method_info because it is a closure
2026-08-13 18:37:54,323 | INFO     | great_expectations._docs_decorators:_add_method_to_registry:109 - Skipping registering function DataSourceManager._register_add_datasource.<locals>.crud_method_info because it is a closure
2026-08-13 18:37:54,323 | INFO     | great_expectations._docs_decorators:_add_method_to_registry:109 - Skipping registering function DataSourceManager._register_update_datasource.<locals>.crud_method_info because it is a closure
2026-08-13 18:37:54,323 | INFO     | great_expectations._docs_decorators:_add_method_to_registry:109 - Skipping registering function DataSourceManager._register_add_or_update_datasource.<locals>.crud_method_info because it is a closure
2026-08-13 18:37:54,323 | INFO     | great_expectations._docs_decorators:_add_method_to_registry:109 - Skipping registering function DataSourceManager._register_delete_datasource.<locals>.crud_method_info because it is a closure
2026-08-13 18:37:54,351 | INFO     | great_expectations.expectations.registry:register_metric:290 - Multiple declarations of metric table.column_types for engine PandasExecutionEngine.
2026-08-13 18:37:54,351 | INFO     | great_expectations.expectations.registry:register_metric:290 - Multiple declarations of metric table.column_types for engine SparkDFExecutionEngine.
2026-08-13 18:37:54,355 | INFO     | great_expectations._docs_decorators:_add_method_to_registry:109 - Skipping registering function DataSourceManager._register_add_datasource.<locals>.crud_method_info because it is a closure
2026-08-13 18:37:54,355 | INFO     | great_expectations._docs_decorators:_add_method_to_registry:109 - Skipping registering function DataSourceManager._register_update_datasource.<locals>.crud_method_info because it is a closure
2026-08-13 18:37:54,355 | INFO     | great_expectations._docs_decorators:_add_method_to_registry:109 - Skipping registering function DataSourceManager._register_add_or_update_datasource.<locals>.crud_method_info because it is a closure
2026-08-13 18:37:54,355 | INFO     | great_expectations._docs_decorators:_add_method_to_registry:109 - Skipping registering function DataSourceManager._register_delete_datasource.<locals>.crud_method_info because it is a closure
2026-08-13 18:37:54,359 | INFO     | great_expectations._docs_decorators:_add_method_to_registry:109 - Skipping registering function DataSourceManager._register_add_datasource.<locals>.crud_method_info because it is a closure
2026-08-13 18:37:54,359 | INFO     | great_expectations._docs_decorators:_add_method_to_registry:109 - Skipping registering function DataSourceManager._register_update_datasource.<locals>.crud_method_info because it is a closure
2026-08-13 18:37:54,359 | INFO     | great_expectations._docs_decorators:_add_method_to_registry:109 - Skipping registering function DataSourceManager._register_add_or_update_datasource.<locals>.crud_method_info because it is a closure
2026-08-13 18:37:54,359 | INFO     | great_expectations._docs_decorators:_add_method_to_registry:109 - Skipping registering function DataSourceManager._register_delete_datasource.<locals>.crud_method_info because it is a closure
2026-08-13 18:37:54,475 | INFO     | great_expectations._docs_decorators:_add_method_to_registry:109 - Skipping registering function DataSourceManager._bind_asset_factory_method_if_not_present.<locals>._add_asset_factory because it is a closure
2026-08-13 18:37:54,475 | INFO     | great_expectations._docs_decorators:_add_method_to_registry:109 - Skipping registering function DataSourceManager._bind_asset_factory_method_if_not_present.<locals>._add_asset_factory because it is a closure
2026-08-13 18:37:54,475 | INFO     | great_expectations._docs_decorators:_add_method_to_registry:109 - Skipping registering function DataSourceManager._bind_asset_factory_method_if_not_present.<locals>._add_asset_factory because it is a closure
2026-08-13 18:37:54,475 | INFO     | great_expectations._docs_decorators:_add_method_to_registry:109 - Skipping registering function DataSourceManager._bind_asset_factory_method_if_not_present.<locals>._add_asset_factory because it is a closure
2026-08-13 18:37:54,475 | INFO     | great_expectations._docs_decorators:_add_method_to_registry:109 - Skipping registering function DataSourceManager._bind_asset_factory_method_if_not_present.<locals>._add_asset_factory because it is a closure
2026-08-13 18:37:54,475 | INFO     | great_expectations._docs_decorators:_add_method_to_registry:109 - Skipping registering function DataSourceManager._bind_asset_factory_method_if_not_present.<locals>._add_asset_factory because it is a closure
2026-08-13 18:37:54,475 | INFO     | great_expectations._docs_decorators:_add_method_to_registry:109 - Skipping registering function DataSourceManager._bind_asset_factory_method_if_not_present.<locals>._add_asset_factory because it is a closure
2026-08-13 18:37:54,475 | INFO     | great_expectations._docs_decorators:_add_method_to_registry:109 - Skipping registering function DataSourceManager._bind_asset_factory_method_if_not_present.<locals>._add_asset_factory because it is a closure
2026-08-13 18:37:54,476 | INFO     | great_expectations._docs_decorators:_add_method_to_registry:109 - Skipping registering function DataSourceManager._bind_asset_factory_method_if_not_present.<locals>._add_asset_factory because it is a closure
2026-08-13 18:37:54,476 | INFO     | great_expectations._docs_decorators:_add_method_to_registry:109 - Skipping registering function DataSourceManager._bind_asset_factory_method_if_not_present.<locals>._add_asset_factory because it is a closure
2026-08-13 18:37:54,476 | INFO     | great_expectations._docs_decorators:_add_method_to_registry:109 - Skipping registering function DataSourceManager._bind_asset_factory_method_if_not_present.<locals>._add_asset_factory because it is a closure
2026-08-13 18:37:54,476 | INFO     | great_expectations._docs_decorators:_add_method_to_registry:109 - Skipping registering function DataSourceManager._bind_asset_factory_method_if_not_present.<locals>._add_asset_factory because it is a closure
2026-08-13 18:37:54,476 | INFO     | great_expectations._docs_decorators:_add_method_to_registry:109 - Skipping registering function DataSourceManager._register_add_datasource.<locals>.crud_method_info because it is a closure
2026-08-13 18:37:54,476 | INFO     | great_expectations._docs_decorators:_add_method_to_registry:109 - Skipping registering function DataSourceManager._register_update_datasource.<locals>.crud_method_info because it is a closure
2026-08-13 18:37:54,476 | INFO     | great_expectations._docs_decorators:_add_method_to_registry:109 - Skipping registering function DataSourceManager._register_add_or_update_datasource.<locals>.crud_method_info because it is a closure
2026-08-13 18:37:54,476 | INFO     | great_expectations._docs_decorators:_add_method_to_registry:109 - Skipping registering function DataSourceManager._register_delete_datasource.<locals>.crud_method_info because it is a closure
2026-08-13 18:37:54,478 | INFO     | great_expectations._docs_decorators:_add_method_to_registry:109 - Skipping registering function DataSourceManager._register_add_datasource.<locals>.crud_method_info because it is a closure
2026-08-13 18:37:54,478 | INFO     | great_expectations._docs_decorators:_add_method_to_registry:109 - Skipping registering function DataSourceManager._register_update_datasource.<locals>.crud_method_info because it is a closure
2026-08-13 18:37:54,478 | INFO     | great_expectations._docs_decorators:_add_method_to_registry:109 - Skipping registering function DataSourceManager._register_add_or_update_datasource.<locals>.crud_method_info because it is a closure
2026-08-13 18:37:54,478 | INFO     | great_expectations._docs_decorators:_add_method_to_registry:109 - Skipping registering function DataSourceManager._register_delete_datasource.<locals>.crud_method_info because it is a closure
2026-08-13 18:37:54,481 | INFO     | great_expectations._docs_decorators:_add_method_to_registry:109 - Skipping registering function DataSourceManager._bind_asset_factory_method_if_not_present.<locals>._add_asset_factory because it is a closure
2026-08-13 18:37:54,481 | INFO     | great_expectations._docs_decorators:_add_method_to_registry:109 - Skipping registering function DataSourceManager._bind_asset_factory_method_if_not_present.<locals>._add_asset_factory because it is a closure
2026-08-13 18:37:54,481 | INFO     | great_expectations._docs_decorators:_add_method_to_registry:109 - Skipping registering function DataSourceManager._bind_asset_factory_method_if_not_present.<locals>._add_asset_factory because it is a closure
2026-08-13 18:37:54,481 | INFO     | great_expectations._docs_decorators:_add_method_to_registry:109 - Skipping registering function DataSourceManager._bind_asset_factory_method_if_not_present.<locals>._add_asset_factory because it is a closure
2026-08-13 18:37:54,481 | INFO     | great_expectations._docs_decorators:_add_method_to_registry:109 - Skipping registering function DataSourceManager._bind_asset_factory_method_if_not_present.<locals>._add_asset_factory because it is a closure
2026-08-13 18:37:54,481 | INFO     | great_expectations._docs_decorators:_add_method_to_registry:109 - Skipping registering function DataSourceManager._bind_asset_factory_method_if_not_present.<locals>._add_asset_factory because it is a closure
2026-08-13 18:37:54,481 | INFO     | great_expectations._docs_decorators:_add_method_to_registry:109 - Skipping registering function DataSourceManager._bind_asset_factory_method_if_not_present.<locals>._add_asset_factory because it is a closure
2026-08-13 18:37:54,482 | INFO     | great_expectations._docs_decorators:_add_method_to_registry:109 - Skipping registering function DataSourceManager._bind_asset_factory_method_if_not_present.<locals>._add_asset_factory because it is a closure
2026-08-13 18:37:54,482 | INFO     | great_expectations._docs_decorators:_add_method_to_registry:109 - Skipping registering function DataSourceManager._bind_asset_factory_method_if_not_present.<locals>._add_asset_factory because it is a closure
2026-08-13 18:37:54,482 | INFO     | great_expectations._docs_decorators:_add_method_to_registry:109 - Skipping registering function DataSourceManager._bind_asset_factory_method_if_not_present.<locals>._add_asset_factory because it is a closure
2026-08-13 18:37:54,482 | INFO     | great_expectations._docs_decorators:_add_method_to_registry:109 - Skipping registering function DataSourceManager._bind_asset_factory_method_if_not_present.<locals>._add_asset_factory because it is a closure
2026-08-13 18:37:54,482 | INFO     | great_expectations._docs_decorators:_add_method_to_registry:109 - Skipping registering function DataSourceManager._bind_asset_factory_method_if_not_present.<locals>._add_asset_factory because it is a closure
2026-08-13 18:37:54,482 | INFO     | great_expectations._docs_decorators:_add_method_to_registry:109 - Skipping registering function DataSourceManager._register_add_datasource.<locals>.crud_method_info because it is a closure
2026-08-13 18:37:54,482 | INFO     | great_expectations._docs_decorators:_add_method_to_registry:109 - Skipping registering function DataSourceManager._register_update_datasource.<locals>.crud_method_info because it is a closure
2026-08-13 18:37:54,482 | INFO     | great_expectations._docs_decorators:_add_method_to_registry:109 - Skipping registering function DataSourceManager._register_add_or_update_datasource.<locals>.crud_method_info because it is a closure
2026-08-13 18:37:54,482 | INFO     | great_expectations._docs_decorators:_add_method_to_registry:109 - Skipping registering function DataSourceManager._register_delete_datasource.<locals>.crud_method_info because it is a closure
2026-08-13 18:37:54,485 | INFO     | great_expectations._docs_decorators:_add_method_to_registry:109 - Skipping registering function DataSourceManager._bind_asset_factory_method_if_not_present.<locals>._add_asset_factory because it is a closure
2026-08-13 18:37:54,485 | INFO     | great_expectations._docs_decorators:_add_method_to_registry:109 - Skipping registering function DataSourceManager._bind_asset_factory_method_if_not_present.<locals>._add_asset_factory because it is a closure
2026-08-13 18:37:54,485 | INFO     | great_expectations._docs_decorators:_add_method_to_registry:109 - Skipping registering function DataSourceManager._bind_asset_factory_method_if_not_present.<locals>._add_asset_factory because it is a closure
2026-08-13 18:37:54,485 | INFO     | great_expectations._docs_decorators:_add_method_to_registry:109 - Skipping registering function DataSourceManager._bind_asset_factory_method_if_not_present.<locals>._add_asset_factory because it is a closure
2026-08-13 18:37:54,485 | INFO     | great_expectations._docs_decorators:_add_method_to_registry:109 - Skipping registering function DataSourceManager._bind_asset_factory_method_if_not_present.<locals>._add_asset_factory because it is a closure
2026-08-13 18:37:54,485 | INFO     | great_expectations._docs_decorators:_add_method_to_registry:109 - Skipping registering function DataSourceManager._bind_asset_factory_method_if_not_present.<locals>._add_asset_factory because it is a closure
2026-08-13 18:37:54,486 | INFO     | great_expectations._docs_decorators:_add_method_to_registry:109 - Skipping registering function DataSourceManager._bind_asset_factory_method_if_not_present.<locals>._add_asset_factory because it is a closure
2026-08-13 18:37:54,486 | INFO     | great_expectations._docs_decorators:_add_method_to_registry:109 - Skipping registering function DataSourceManager._bind_asset_factory_method_if_not_present.<locals>._add_asset_factory because it is a closure
2026-08-13 18:37:54,486 | INFO     | great_expectations._docs_decorators:_add_method_to_registry:109 - Skipping registering function DataSourceManager._bind_asset_factory_method_if_not_present.<locals>._add_asset_factory because it is a closure
2026-08-13 18:37:54,486 | INFO     | great_expectations._docs_decorators:_add_method_to_registry:109 - Skipping registering function DataSourceManager._bind_asset_factory_method_if_not_present.<locals>._add_asset_factory because it is a closure
2026-08-13 18:37:54,486 | INFO     | great_expectations._docs_decorators:_add_method_to_registry:109 - Skipping registering function DataSourceManager._bind_asset_factory_method_if_not_present.<locals>._add_asset_factory because it is a closure
2026-08-13 18:37:54,486 | INFO     | great_expectations._docs_decorators:_add_method_to_registry:109 - Skipping registering function DataSourceManager._bind_asset_factory_method_if_not_present.<locals>._add_asset_factory because it is a closure
2026-08-13 18:37:54,486 | INFO     | great_expectations._docs_decorators:_add_method_to_registry:109 - Skipping registering function DataSourceManager._register_add_datasource.<locals>.crud_method_info because it is a closure
2026-08-13 18:37:54,486 | INFO     | great_expectations._docs_decorators:_add_method_to_registry:109 - Skipping registering function DataSourceManager._register_update_datasource.<locals>.crud_method_info because it is a closure
2026-08-13 18:37:54,486 | INFO     | great_expectations._docs_decorators:_add_method_to_registry:109 - Skipping registering function DataSourceManager._register_add_or_update_datasource.<locals>.crud_method_info because it is a closure
2026-08-13 18:37:54,486 | INFO     | great_expectations._docs_decorators:_add_method_to_registry:109 - Skipping registering function DataSourceManager._register_delete_datasource.<locals>.crud_method_info because it is a closure
2026-08-13 18:37:54,489 | INFO     | great_expectations._docs_decorators:_add_method_to_registry:109 - Skipping registering function DataSourceManager._bind_asset_factory_method_if_not_present.<locals>._add_asset_factory because it is a closure
2026-08-13 18:37:54,490 | INFO     | great_expectations._docs_decorators:_add_method_to_registry:109 - Skipping registering function DataSourceManager._bind_asset_factory_method_if_not_present.<locals>._add_asset_factory because it is a closure
2026-08-13 18:37:54,490 | INFO     | great_expectations._docs_decorators:_add_method_to_registry:109 - Skipping registering function DataSourceManager._bind_asset_factory_method_if_not_present.<locals>._add_asset_factory because it is a closure
2026-08-13 18:37:54,490 | INFO     | great_expectations._docs_decorators:_add_method_to_registry:109 - Skipping registering function DataSourceManager._bind_asset_factory_method_if_not_present.<locals>._add_asset_factory because it is a closure
2026-08-13 18:37:54,490 | INFO     | great_expectations._docs_decorators:_add_method_to_registry:109 - Skipping registering function DataSourceManager._bind_asset_factory_method_if_not_present.<locals>._add_asset_factory because it is a closure
2026-08-13 18:37:54,490 | INFO     | great_expectations._docs_decorators:_add_method_to_registry:109 - Skipping registering function DataSourceManager._bind_asset_factory_method_if_not_present.<locals>._add_asset_factory because it is a closure
2026-08-13 18:37:54,490 | INFO     | great_expectations._docs_decorators:_add_method_to_registry:109 - Skipping registering function DataSourceManager._bind_asset_factory_method_if_not_present.<locals>._add_asset_factory because it is a closure
2026-08-13 18:37:54,490 | INFO     | great_expectations._docs_decorators:_add_method_to_registry:109 - Skipping registering function DataSourceManager._bind_asset_factory_method_if_not_present.<locals>._add_asset_factory because it is a closure
2026-08-13 18:37:54,490 | INFO     | great_expectations._docs_decorators:_add_method_to_registry:109 - Skipping registering function DataSourceManager._bind_asset_factory_method_if_not_present.<locals>._add_asset_factory because it is a closure
2026-08-13 18:37:54,490 | INFO     | great_expectations._docs_decorators:_add_method_to_registry:109 - Skipping registering function DataSourceManager._bind_asset_factory_method_if_not_present.<locals>._add_asset_factory because it is a closure
2026-08-13 18:37:54,490 | INFO     | great_expectations._docs_decorators:_add_method_to_registry:109 - Skipping registering function DataSourceManager._bind_asset_factory_method_if_not_present.<locals>._add_asset_factory because it is a closure
2026-08-13 18:37:54,490 | INFO     | great_expectations._docs_decorators:_add_method_to_registry:109 - Skipping registering function DataSourceManager._bind_asset_factory_method_if_not_present.<locals>._add_asset_factory because it is a closure
2026-08-13 18:37:54,490 | INFO     | great_expectations._docs_decorators:_add_method_to_registry:109 - Skipping registering function DataSourceManager._register_add_datasource.<locals>.crud_method_info because it is a closure
2026-08-13 18:37:54,490 | INFO     | great_expectations._docs_decorators:_add_method_to_registry:109 - Skipping registering function DataSourceManager._register_update_datasource.<locals>.crud_method_info because it is a closure
2026-08-13 18:37:54,491 | INFO     | great_expectations._docs_decorators:_add_method_to_registry:109 - Skipping registering function DataSourceManager._register_add_or_update_datasource.<locals>.crud_method_info because it is a closure
2026-08-13 18:37:54,491 | INFO     | great_expectations._docs_decorators:_add_method_to_registry:109 - Skipping registering function DataSourceManager._register_delete_datasource.<locals>.crud_method_info because it is a closure
2026-08-13 18:37:54,491 | INFO     | great_expectations.expectations.registry:register_metric:290 - Multiple declarations of metric column.standard_deviation for engine PandasExecutionEngine.
2026-08-13 18:37:54,491 | INFO     | great_expectations.expectations.registry:register_metric:290 - Multiple declarations of metric column.standard_deviation.aggregate_fn for engine SparkDFExecutionEngine.
2026-08-13 18:37:54,491 | INFO     | great_expectations.expectations.registry:register_metric:290 - Multiple declarations of metric column.standard_deviation for engine SparkDFExecutionEngine.
2026-08-13 18:37:54,496 | INFO     | great_expectations._docs_decorators:_add_method_to_registry:109 - Skipping registering function DataSourceManager._register_add_datasource.<locals>.crud_method_info because it is a closure
2026-08-13 18:37:54,496 | INFO     | great_expectations._docs_decorators:_add_method_to_registry:109 - Skipping registering function DataSourceManager._register_update_datasource.<locals>.crud_method_info because it is a closure
2026-08-13 18:37:54,496 | INFO     | great_expectations._docs_decorators:_add_method_to_registry:109 - Skipping registering function DataSourceManager._register_add_or_update_datasource.<locals>.crud_method_info because it is a closure
2026-08-13 18:37:54,497 | INFO     | great_expectations._docs_decorators:_add_method_to_registry:109 - Skipping registering function DataSourceManager._register_delete_datasource.<locals>.crud_method_info because it is a closure
2026-08-13 18:37:54,501 | INFO     | great_expectations._docs_decorators:_add_method_to_registry:109 - Skipping registering function DataSourceManager._register_add_datasource.<locals>.crud_method_info because it is a closure
2026-08-13 18:37:54,501 | INFO     | great_expectations._docs_decorators:_add_method_to_registry:109 - Skipping registering function DataSourceManager._register_update_datasource.<locals>.crud_method_info because it is a closure
2026-08-13 18:37:54,501 | INFO     | great_expectations._docs_decorators:_add_method_to_registry:109 - Skipping registering function DataSourceManager._register_add_or_update_datasource.<locals>.crud_method_info because it is a closure
2026-08-13 18:37:54,501 | INFO     | great_expectations._docs_decorators:_add_method_to_registry:109 - Skipping registering function DataSourceManager._register_delete_datasource.<locals>.crud_method_info because it is a closure
2026-08-13 18:37:54,506 | INFO     | great_expectations._docs_decorators:_add_method_to_registry:109 - Skipping registering function DataSourceManager._register_add_datasource.<locals>.crud_method_info because it is a closure
2026-08-13 18:37:54,506 | INFO     | great_expectations._docs_decorators:_add_method_to_registry:109 - Skipping registering function DataSourceManager._register_update_datasource.<locals>.crud_method_info because it is a closure
2026-08-13 18:37:54,506 | INFO     | great_expectations._docs_decorators:_add_method_to_registry:109 - Skipping registering function DataSourceManager._register_add_or_update_datasource.<locals>.crud_method_info because it is a closure
2026-08-13 18:37:54,506 | INFO     | great_expectations._docs_decorators:_add_method_to_registry:109 - Skipping registering function DataSourceManager._register_delete_datasource.<locals>.crud_method_info because it is a closure
2026-08-13 18:37:55,787 | INFO     | root:main:23 - Starting end-to-end training pipeline...
2026-08-13 18:37:55,788 | INFO     | root:load_raw_data:20 - Loading raw data from data/raw/Telco-Customer-Churn.csv
2026-08-13 18:37:55,805 | INFO     | great_expectations.data_context.data_context.context_factory:_get_file_context:398 - Could not find local file-backed GX project
2026-08-13 18:37:55,805 | INFO     | great_expectations.data_context.types.base:__init__:1384 - Created temporary directory '/tmp/tmpij9d8i85' for ephemeral docs site
2026-08-13 18:37:55,805 | INFO     | great_expectations.datasource.fluent.config:_load_datasource_subtype:191 - Loading 'datasources' ->
[]
2026-08-13 18:37:55,809 | INFO     | root:validate_raw_schema:15 - Running Great Expectations data validation suite...
2026-08-13 18:37:55,878 | INFO     | root:validate_raw_schema:88 - Great Expectations validation passed successfully!
2026-08-13 18:37:55,878 | INFO     | root:split_and_save_data:28 - Splitting data into train/test with test_size=0.2
2026-08-13 18:37:55,906 | INFO     | root:split_and_save_data:43 - Saved train data to data/processed/train.csv (5634 rows)
2026-08-13 18:37:55,906 | INFO     | root:split_and_save_data:44 - Saved test data to data/processed/test.csv (1409 rows)
2026-08-13 18:37:55,921 | INFO     | root:fit_transform:17 - Starting feature engineering and data preprocessing...
2026-08-13 18:37:55,936 | INFO     | root:fit_transform:74 - Preprocessing complete. Total features created: 30
2026-08-13 18:37:55,937 | INFO     | root:transform:81 - Transforming new evaluation/inference dataset...
2026-08-13 18:37:55,946 | INFO     | root:save_preprocessor:143 - Preprocessor object saved to artifacts/preprocessor.pkl
2026-08-13 18:37:55,946 | INFO     | root:train:32 - Initializing LightGBM classifier...
2026-08-13 18:37:55,946 | INFO     | root:train:35 - Training LightGBM model on training dataset...
2026-08-13 18:37:56,256 | INFO     | root:train:37 - Model training completed successfully.
2026-08-13 18:37:56,256 | INFO     | root:evaluate:47 - Evaluating model on test dataset...
2026-08-13 18:37:56,270 | INFO     | root:evaluate:59 - Evaluation Metrics: {'accuracy': 0.7615330021291696, 'precision': 0.5315161839863713, 'recall': 0.8364611260053619, 'f1_score': 0.65, 'roc_auc': 0.8607567257031064}
2026-08-13 18:37:56,272 | INFO     | root:save_model:70 - Model saved successfully to artifacts/model.pkl
2026-08-13 18:37:56,604 | INFO     | root:log_to_mlflow:81 - Logging run details to MLflow...
2026-08-13 18:37:57,969 | INFO     | root:log_to_mlflow:87 - MLflow logging completed.
2026-08-13 18:37:57,974 | INFO     | root:main:56 - Pipeline execution completed successfully!
